// Jest Snapshot v1, https://goo.gl/fbAQLP

exports[`Hero renders correctly 1`] = `
<div
  className="jumbotron jumbotron-fluid"
  id="hero"
>
  <div
    className="container"
  >
    <section
      className="sc-bdfBwQ cyhnvE"
    >
      <h1
        className="title"
      >
        Hello, kumusta ka?
         
        I'm Alex.
      </h1>
      <h2
        className="subtitle"
      >
        I 
         
        <span
          className="highlighted"
        >
          build, test and deliver.
        </span>
        Â 
      </h2>
      <div
        className="description"
      />
    </section>
  </div>
</div>
`;
